<?xml version="1.0" encoding="utf-8"?><testsuites><testsuite name="pytest" errors="0" failures="0" skipped="0" tests="11" time="0.542" timestamp="2024-11-03T12:24:39.043298-05:00" hostname="DESKTOP-69FJA4Q"><testcase classname="test_api" name="test_getBooks_gToken_whenNoApiAccessToken_shouldReturn403" time="0.009" /><testcase classname="test_api" name="test_getBooks_gToken_whenValidApiAccessToken_shouldReturn200" time="0.034" /><testcase classname="test_api" name="test_getBooks_searchById_whenValidId_shouldReturnBook" time="0.029" /><testcase classname="test_api" name="test_getBooks_searchById_whenInvalidId_shouldReturn404" time="0.031" /><testcase classname="test_api" name="test_getBooks_searchByTitle_whenValidTitle_shouldReturnBook" time="0.032" /><testcase classname="test_api" name="test_getBooks_searchByTitle_whenInvalidTitle_shouldReturnNoBooks" time="0.031" /><testcase classname="test_api" name="test_getBooks_searchByAuthor_whenValidAuthor_shouldReturnBook" time="0.032" /><testcase classname="test_api" name="test_getBooks_whenInvalidAuthor_shouldReturnNoBooks" time="0.015" /><testcase classname="test_api" name="test_postBooks_addBook_whenValidRequest_shouldSuccessfullyAddBook" time="0.061" /><testcase classname="test_api" name="test_deleteBooks_deleteBook_whenValidBasicAuth_shouldDeleteBook" time="0.127" /><testcase classname="test_api" name="test_deleteBooks_deleteBook_whenInvalidBasicAuth_shouldNotDeleteBook" time="0.095" /></testsuite></testsuites>